[ 2026-10-08 14:18:14,516 ] 17 root - INFO - Training pipeline started
[ 2026-10-08 14:18:14,516 ] 22 root - INFO - Starting data ingestion
[ 2026-10-08 14:18:14,516 ] 31 root - INFO - Entered the data ingestion method or component
[ 2026-10-08 14:18:14,520 ] 36 root - INFO - Read the dataset as dataframe
[ 2026-10-08 14:18:14,523 ] 49 root - INFO - Train test split initiated
[ 2026-10-08 14:18:14,529 ] 69 root - INFO - Ingestion of the data is completed
[ 2026-10-08 14:18:14,529 ] 30 root - INFO - Data ingestion completed. Train path: artifacts/train.csv, Test path: artifacts/test.csv
[ 2026-10-08 14:18:14,529 ] 39 root - INFO - Starting data transformation
[ 2026-10-08 14:18:14,530 ] 85 root - INFO - Read train and test data completed
[ 2026-10-08 14:18:14,531 ] 87 root - INFO - Obtaining preprocessing object
[ 2026-10-08 14:18:14,531 ] 61 root - INFO - Categorical columns: ['gender', 'race_ethnicity', 'parental_level_of_education', 'lunch', 'test_preparation_course']
[ 2026-10-08 14:18:14,531 ] 62 root - INFO - Numerical columns: ['writing_score', 'reading_score']
[ 2026-10-08 14:18:14,532 ] 100 root - INFO - Applying preprocessing object on training dataframe and testing dataframe.
[ 2026-10-08 14:18:14,541 ] 112 root - INFO - Saved preprocessing object.
[ 2026-10-08 14:18:14,542 ] 50 root - INFO - Data transformation completed. Preprocessor saved at: artifacts/preprocessor.pkl
[ 2026-10-08 14:18:14,542 ] 58 root - INFO - Starting model training
[ 2026-10-08 14:18:14,542 ] 35 root - INFO - Split training and test input data
[ 2026-10-08 14:18:49,348 ] 104 root - INFO - Best found model on both training and testing dataset
[ 2026-10-08 14:18:49,349 ] 67 root - INFO - Model training completed. Final R2 Score: 0.8804332983749565
[ 2026-10-08 14:18:49,349 ] 72 root - INFO - Training pipeline completed successfully
